\BOOKMARK [1][-]{section.1}{\376\377\000P\000h\001\260\001\241\000n\000g\000\040\000p\000h\000\341\000p}{}% 1
\BOOKMARK [2][-]{subsection.1.1}{\376\377\000T\036\325\000n\000g\000\040\000q\000u\000a\000n}{section.1}% 2
\BOOKMARK [2][-]{subsection.1.2}{\376\377\000M\000\364\000-\001\021\000u\000n\000\040\000P\000h\000\342\000n\000\040\000l\000o\036\241\000i}{section.1}% 3
\BOOKMARK [2][-]{subsection.1.3}{\376\377\000M\000\364\000\040\000h\000\354\000n\000h\000\040\000X\000G\000B\000o\000o\000s\000t}{section.1}% 4
\BOOKMARK [2][-]{subsection.1.4}{\376\377\000M\000\364\000\040\000h\000\354\000n\000h\000\040\000L\000i\000g\000h\000t\000G\000B\000M}{section.1}% 5
\BOOKMARK [3][-]{subsubsection.1.4.1}{\376\377\000K\000h\036\321\000i\000\040\000M\000u\000l\000t\000i\000-\000k\000e\000r\000n\000e\000l}{subsection.1.4}% 6
\BOOKMARK [3][-]{subsubsection.1.4.2}{\376\377\000P\000a\000t\000c\000h\000\040\000+\000\040\000P\000o\000s\000i\000t\000i\000o\000n\000\040\000E\000m\000b\000e\000d\000d\000i\000n\000g}{subsection.1.4}% 7
\BOOKMARK [3][-]{subsubsection.1.4.3}{\376\377\000K\000h\036\321\000i\000\040\000m\000\343\000\040\000h\000\363\000a\000\040\000T\000r\000a\000n\000s\000f\000o\000r\000m\000e\000r}{subsection.1.4}% 8
\BOOKMARK [3][-]{subsubsection.1.4.4}{\376\377\000B\036\331\000\040\000p\000h\000\342\000n\000\040\000l\000o\036\241\000i}{subsection.1.4}% 9
\BOOKMARK [1][-]{section.2}{\376\377\000D\036\357\000\040\000l\000i\036\307\000u}{}% 10
\BOOKMARK [2][-]{subsubsection.2.0.1}{\376\377\000N\000g\001\260\036\341\000n\000g\000\040\000M\000R\000L\000\040\000t\000h\000e\000o\000\040\000t\000h\036\361\000c\000\040\000p\000h\036\251\000m\000\040\000v\000\340\000\040\000t\000h\000u\036\321\000c\000\040\000t\000r\036\353\000\040\000s\000\342\000u}{section.2}% 11
\BOOKMARK [2][-]{subsection.2.1}{\376\377\000T\000h\036\321\000n\000g\000\040\000k\000\352\000\040\000m\000\364\000\040\000t\036\243}{section.2}% 12
\BOOKMARK [2][-]{subsection.2.2}{\376\377\000T\000r\036\361\000c\000\040\000q\000u\000a\000n\000\040\000h\000\363\000a\000\040\000d\036\357\000\040\000l\000i\036\307\000u}{section.2}% 13
\BOOKMARK [1][-]{section.3}{\376\377\000T\000h\000i\036\277\000t\000\040\000l\036\255\000p\000\040\000t\000h\036\361\000c\000\040\000n\000g\000h\000i\036\307\000m}{}% 14
\BOOKMARK [2][-]{subsection.3.1}{\376\377\000P\000h\000\342\000n\000\040\000l\000o\036\241\000i\000\040\000r\000a\000u\000\040\000c\036\347\000\040\000q\000u\036\243}{section.3}% 15
\BOOKMARK [3][-]{subsubsection.3.1.1}{\376\377\000T\000i\036\301\000n\000\040\000x\036\355\000\040\000l\000\375\000\040\000d\036\357\000\040\000l\000i\036\307\000u}{subsection.3.1}% 16
\BOOKMARK [3][-]{subsubsection.3.1.2}{\376\377\000C\000h\000i\000\040\000t\000i\036\277\000t\000\040\000h\000u\036\245\000n\000\040\000l\000u\000y\036\307\000n}{subsection.3.1}% 17
\BOOKMARK [2][-]{subsection.3.2}{\376\377\001\020\000\341\000n\000h\000\040\000g\000i\000\341\000\040\000a\000n\000\040\000t\000o\000\340\000n\000\040\000t\000h\000u\036\321\000c\000\040\000t\000r\036\353\000\040\000s\000\342\000u}{section.3}% 18
\BOOKMARK [3][-]{subsubsection.3.2.1}{\376\377\000T\000i\036\301\000n\000\040\000x\036\355\000\040\000l\000\375\000\040\000d\036\357\000\040\000l\000i\036\307\000u}{subsection.3.2}% 19
\BOOKMARK [3][-]{subsubsection.3.2.2}{\376\377\000C\000h\000i\000\040\000t\000i\036\277\000t\000\040\000h\000u\036\245\000n\000\040\000l\000u\000y\036\307\000n}{subsection.3.2}% 20
\BOOKMARK [1][-]{section.4}{\376\377\000K\036\277\000t\000\040\000q\000u\036\243}{}% 21
\BOOKMARK [2][-]{subsection.4.1}{\376\377\000T\000i\000\352\000u\000\040\000c\000h\000\355\000\040\001\021\000\341\000n\000h\000\040\000g\000i\000\341}{section.4}% 22
\BOOKMARK [2][-]{subsection.4.2}{\376\377\000M\000\341\000y\000\040\000F\000L\000A\000M\000E\000N\000I\000R}{section.4}% 23
\BOOKMARK [3][-]{subsubsection.4.2.1}{\376\377\000P\000h\000\342\000n\000\040\000l\000o\036\241\000i\000\040\000r\000a\000u\000\040\000c\036\347\000\040\000q\000u\036\243}{subsection.4.2}% 24
\BOOKMARK [3][-]{subsubsection.4.2.2}{\376\377\001\020\000\341\000n\000h\000\040\000g\000i\000\341\000\040\000a\000n\000\040\000t\000o\000\340\000n\000\040\000t\000h\000u\036\321\000c\000\040\000t\000r\036\353\000\040\000s\000\342\000u}{subsection.4.2}% 25
\BOOKMARK [2][-]{subsection.4.3}{\376\377\000M\000\341\000y\000\040\000O\000C\000E\000A\000N\000F\000X}{section.4}% 26
\BOOKMARK [3][-]{subsubsection.4.3.1}{\376\377\000P\000h\000\342\000n\000\040\000l\000o\036\241\000i\000\040\000r\000a\000u\000\040\000c\036\347\000\040\000q\000u\036\243}{subsection.4.3}% 27
\BOOKMARK [3][-]{subsubsection.4.3.2}{\376\377\001\020\000\341\000n\000h\000\040\000g\000i\000\341\000\040\000a\000n\000\040\000t\000o\000\340\000n\000\040\000t\000h\000u\036\321\000c\000\040\000t\000r\036\353\000\040\000s\000\342\000u}{subsection.4.3}% 28
